Archive member included because of file (symbol)

d:/program files (x86)/gnu tools arm embedded/4.9 2014q4/bin/../lib/gcc/arm-none-eabi/4.9.3/../../../../arm-none-eabi/lib/armv7-m\libc_nano.a(lib_a-exit.o)
                              d:/program files (x86)/gnu tools arm embedded/4.9 2014q4/bin/../lib/gcc/arm-none-eabi/4.9.3/../../../../arm-none-eabi/lib/armv7-m/crt0.o (exit)
d:/program files (x86)/gnu tools arm embedded/4.9 2014q4/bin/../lib/gcc/arm-none-eabi/4.9.3/../../../../arm-none-eabi/lib/armv7-m\libc_nano.a(lib_a-impure.o)
                              d:/program files (x86)/gnu tools arm embedded/4.9 2014q4/bin/../lib/gcc/arm-none-eabi/4.9.3/../../../../arm-none-eabi/lib/armv7-m\libc_nano.a(lib_a-exit.o) (_global_impure_ptr)
d:/program files (x86)/gnu tools arm embedded/4.9 2014q4/bin/../lib/gcc/arm-none-eabi/4.9.3/../../../../arm-none-eabi/lib/armv7-m\libc_nano.a(lib_a-init.o)
                              d:/program files (x86)/gnu tools arm embedded/4.9 2014q4/bin/../lib/gcc/arm-none-eabi/4.9.3/../../../../arm-none-eabi/lib/armv7-m/crt0.o (__libc_init_array)
d:/program files (x86)/gnu tools arm embedded/4.9 2014q4/bin/../lib/gcc/arm-none-eabi/4.9.3/../../../../arm-none-eabi/lib/armv7-m\libc_nano.a(lib_a-memset.o)
                              d:/program files (x86)/gnu tools arm embedded/4.9 2014q4/bin/../lib/gcc/arm-none-eabi/4.9.3/../../../../arm-none-eabi/lib/armv7-m/crt0.o (memset)
d:/program files (x86)/gnu tools arm embedded/4.9 2014q4/bin/../lib/gcc/arm-none-eabi/4.9.3/../../../../arm-none-eabi/lib/armv7-m\libm.a(lib_a-s_ceil.o)
                              ..\obj\sx1276.o (symbol from plugin) (ceil)
d:/program files (x86)/gnu tools arm embedded/4.9 2014q4/bin/../lib/gcc/arm-none-eabi/4.9.3/../../../../arm-none-eabi/lib/armv7-m\libm.a(lib_a-s_floor.o)
                              ..\obj\sx1276.o (symbol from plugin) (floor)
d:/program files (x86)/gnu tools arm embedded/4.9 2014q4/bin/../lib/gcc/arm-none-eabi/4.9.3/../../../../arm-none-eabi/lib/armv7-m\libm.a(lib_a-s_round.o)
                              ..\obj\sx1276.o (symbol from plugin) (round)
d:/program files (x86)/gnu tools arm embedded/4.9 2014q4/bin/../lib/gcc/arm-none-eabi/4.9.3/../../../../arm-none-eabi/lib/armv7-m\librdimon_nano.a(rdimon-_exit.o)
                              d:/program files (x86)/gnu tools arm embedded/4.9 2014q4/bin/../lib/gcc/arm-none-eabi/4.9.3/../../../../arm-none-eabi/lib/armv7-m\libc_nano.a(lib_a-exit.o) (_exit)
d:/program files (x86)/gnu tools arm embedded/4.9 2014q4/bin/../lib/gcc/arm-none-eabi/4.9.3/../../../../arm-none-eabi/lib/armv7-m\librdimon_nano.a(rdimon-_kill.o)
                              d:/program files (x86)/gnu tools arm embedded/4.9 2014q4/bin/../lib/gcc/arm-none-eabi/4.9.3/../../../../arm-none-eabi/lib/armv7-m\librdimon_nano.a(rdimon-_exit.o) (_kill)
d:/program files (x86)/gnu tools arm embedded/4.9 2014q4/bin/../lib/gcc/arm-none-eabi/4.9.3/armv7-m\libgcc.a(_arm_addsubdf3.o)
                              d:/program files (x86)/gnu tools arm embedded/4.9 2014q4/bin/../lib/gcc/arm-none-eabi/4.9.3/../../../../arm-none-eabi/lib/armv7-m\libm.a(lib_a-s_ceil.o) (__aeabi_dadd)
d:/program files (x86)/gnu tools arm embedded/4.9 2014q4/bin/../lib/gcc/arm-none-eabi/4.9.3/armv7-m\libgcc.a(_arm_cmpdf2.o)
                              d:/program files (x86)/gnu tools arm embedded/4.9 2014q4/bin/../lib/gcc/arm-none-eabi/4.9.3/../../../../arm-none-eabi/lib/armv7-m\libm.a(lib_a-s_ceil.o) (__aeabi_dcmpgt)
d:/program files (x86)/gnu tools arm embedded/4.9 2014q4/bin/../lib/gcc/arm-none-eabi/4.9.3/armv7-m\libgcc.a(_arm_muldivdf3.o)
                              C:\Users\FAMILY\AppData\Local\Temp\cclOtYUd.ltrans1.ltrans.o (__aeabi_dmul)
d:/program files (x86)/gnu tools arm embedded/4.9 2014q4/bin/../lib/gcc/arm-none-eabi/4.9.3/armv7-m\libgcc.a(_arm_fixdfsi.o)
                              C:\Users\FAMILY\AppData\Local\Temp\cclOtYUd.ltrans2.ltrans.o (__aeabi_d2iz)
d:/program files (x86)/gnu tools arm embedded/4.9 2014q4/bin/../lib/gcc/arm-none-eabi/4.9.3/armv7-m\libgcc.a(_arm_fixunsdfsi.o)
                              C:\Users\FAMILY\AppData\Local\Temp\cclOtYUd.ltrans1.ltrans.o (__aeabi_d2uiz)
d:/program files (x86)/gnu tools arm embedded/4.9 2014q4/bin/../lib/gcc/arm-none-eabi/4.9.3/armv7-m\libgcc.a(_arm_addsubsf3.o)
                              C:\Users\FAMILY\AppData\Local\Temp\cclOtYUd.ltrans11.ltrans.o (__aeabi_ui2f)
d:/program files (x86)/gnu tools arm embedded/4.9 2014q4/bin/../lib/gcc/arm-none-eabi/4.9.3/armv7-m\libgcc.a(_arm_muldivsf3.o)
                              C:\Users\FAMILY\AppData\Local\Temp\cclOtYUd.ltrans11.ltrans.o (__aeabi_fmul)
d:/program files (x86)/gnu tools arm embedded/4.9 2014q4/bin/../lib/gcc/arm-none-eabi/4.9.3/armv7-m\libgcc.a(_arm_fixunssfsi.o)
                              C:\Users\FAMILY\AppData\Local\Temp\cclOtYUd.ltrans11.ltrans.o (__aeabi_f2uiz)

Allocating common symbols
Common symbol       size              file

UsbDetect           0xc               ..\obj\board.o (symbol from plugin)
Led2                0xc               ..\obj\board.o (symbol from plugin)
Led3                0xc               ..\obj\board.o (symbol from plugin)
I2c                 0x6c              ..\obj\board.o (symbol from plugin)
pFlash              0x18              ..\obj\stm32l1xx_hal_flash.o (symbol from plugin)
Led1                0xc               ..\obj\board.o (symbol from plugin)
Led4                0xc               ..\obj\board.o (symbol from plugin)
AntSwitchTxPa       0xc               ..\obj\sx1276-board.o (symbol from plugin)
AntSwitchRx         0xc               ..\obj\sx1276-board.o (symbol from plugin)

Discarded input sections

 .text          0x00000000        0x0 d:/program files (x86)/gnu tools arm embedded/4.9 2014q4/bin/../lib/gcc/arm-none-eabi/4.9.3/armv7-m/crti.o
 .data          0x00000000        0x0 d:/program files (x86)/gnu tools arm embedded/4.9 2014q4/bin/../lib/gcc/arm-none-eabi/4.9.3/armv7-m/crti.o
 .bss           0x00000000        0x0 d:/program files (x86)/gnu tools arm embedded/4.9 2014q4/bin/../lib/gcc/arm-none-eabi/4.9.3/armv7-m/crti.o
 .data          0x00000000        0x4 d:/program files (x86)/gnu tools arm embedded/4.9 2014q4/bin/../lib/gcc/arm-none-eabi/4.9.3/armv7-m/crtbegin.o
 .text          0x00000000       0x74 d:/program files (x86)/gnu tools arm embedded/4.9 2014q4/bin/../lib/gcc/arm-none-eabi/4.9.3/../../../../arm-none-eabi/lib/armv7-m/crt0.o
 .data          0x00000000        0x0 d:/program files (x86)/gnu tools arm embedded/4.9 2014q4/bin/../lib/gcc/arm-none-eabi/4.9.3/../../../../arm-none-eabi/lib/armv7-m/crt0.o
 .bss           0x00000000        0x0 d:/program files (x86)/gnu tools arm embedded/4.9 2014q4/bin/../lib/gcc/arm-none-eabi/4.9.3/../../../../arm-none-eabi/lib/armv7-m/crt0.o
 .ARM.extab     0x00000000        0x0 d:/program files (x86)/gnu tools arm embedded/4.9 2014q4/bin/../lib/gcc/arm-none-eabi/4.9.3/../../../../arm-none-eabi/lib/armv7-m/crt0.o
 .ARM.exidx     0x00000000        0x8 d:/program files (x86)/gnu tools arm embedded/4.9 2014q4/bin/../lib/gcc/arm-none-eabi/4.9.3/../../../../arm-none-eabi/lib/armv7-m/crt0.o
 .ARM.attributes
                0x00000000       0x1b d:/program files (x86)/gnu tools arm embedded/4.9 2014q4/bin/../lib/gcc/arm-none-eabi/4.9.3/../../../../arm-none-eabi/lib/armv7-m/crt0.o
 .text          0x00000000        0x0 ..\obj\stm32l1xx_hal_adc_ex.o (symbol from plugin)
 .data          0x00000000        0x0 C:\Users\FAMILY\AppData\Local\Temp\cclOtYUd.ltrans0.ltrans.o
 .bss           0x00000000        0x0 C:\Users\FAMILY\AppData\Local\Temp\cclOtYUd.ltrans1.ltrans.o
 .data          0x00000000        0x0 C:\Users\FAMILY\AppData\Local\Temp\cclOtYUd.ltrans4.ltrans.o
 .rodata        0x00000000        0x4 C:\Users\FAMILY\AppData\Local\Temp\cclOtYUd.ltrans5.ltrans.o
 .data          0x00000000        0x0 C:\Users\FAMILY\AppData\Local\Temp\cclOtYUd.ltrans6.ltrans.o
 .data          0x00000000        0x0 C:\Users\FAMILY\AppData\Local\Temp\cclOtYUd.ltrans8.ltrans.o
 .data          0x00000000        0x0 C:\Users\FAMILY\AppData\Local\Temp\cclOtYUd.ltrans9.ltrans.o
 .data          0x00000000        0x0 d:/program files (x86)/gnu tools arm embedded/4.9 2014q4/bin/../lib/gcc/arm-none-eabi/4.9.3/armv7-m\libgcc.a(_arm_muldivdf3.o)
 .bss           0x00000000        0x0 d:/program files (x86)/gnu tools arm embedded/4.9 2014q4/bin/../lib/gcc/arm-none-eabi/4.9.3/armv7-m\libgcc.a(_arm_muldivdf3.o)
 .data          0x00000000        0x0 d:/program files (x86)/gnu tools arm embedded/4.9 2014q4/bin/../lib/gcc/arm-none-eabi/4.9.3/armv7-m\libgcc.a(_arm_fixdfsi.o)
 .bss           0x00000000        0x0 d:/program files (x86)/gnu tools arm embedded/4.9 2014q4/bin/../lib/gcc/arm-none-eabi/4.9.3/armv7-m\libgcc.a(_arm_fixdfsi.o)
 .data          0x00000000        0x0 d:/program files (x86)/gnu tools arm embedded/4.9 2014q4/bin/../lib/gcc/arm-none-eabi/4.9.3/armv7-m\libgcc.a(_arm_fixunsdfsi.o)
 .bss           0x00000000        0x0 d:/program files (x86)/gnu tools arm embedded/4.9 2014q4/bin/../lib/gcc/arm-none-eabi/4.9.3/armv7-m\libgcc.a(_arm_fixunsdfsi.o)
 .data          0x00000000        0x0 d:/program files (x86)/gnu tools arm embedded/4.9 2014q4/bin/../lib/gcc/arm-none-eabi/4.9.3/armv7-m\libgcc.a(_arm_addsubsf3.o)
 .bss           0x00000000        0x0 d:/program files (x86)/gnu tools arm embedded/4.9 2014q4/bin/../lib/gcc/arm-none-eabi/4.9.3/armv7-m\libgcc.a(_arm_addsubsf3.o)
 .data          0x00000000        0x0 d:/program files (x86)/gnu tools arm embedded/4.9 2014q4/bin/../lib/gcc/arm-none-eabi/4.9.3/armv7-m\libgcc.a(_arm_muldivsf3.o)
 .bss           0x00000000        0x0 d:/program files (x86)/gnu tools arm embedded/4.9 2014q4/bin/../lib/gcc/arm-none-eabi/4.9.3/armv7-m\libgcc.a(_arm_muldivsf3.o)
 .data          0x00000000        0x0 d:/program files (x86)/gnu tools arm embedded/4.9 2014q4/bin/../lib/gcc/arm-none-eabi/4.9.3/armv7-m\libgcc.a(_arm_fixunssfsi.o)
 .bss           0x00000000        0x0 d:/program files (x86)/gnu tools arm embedded/4.9 2014q4/bin/../lib/gcc/arm-none-eabi/4.9.3/armv7-m\libgcc.a(_arm_fixunssfsi.o)
 .text          0x00000000        0x0 ..\obj\adc-board.o (symbol from plugin)
 .text          0x00000000        0x0 ..\obj\sx1276.o (symbol from plugin)
 .text          0x00000000        0x0 ..\obj\delay.o (symbol from plugin)
 .text          0x00000000        0x0 ..\obj\sysIrqHandlers.o (symbol from plugin)
 .text          0x00000000        0x0 ..\obj\i2c.o (symbol from plugin)
 .text          0x00000000        0x0 ..\obj\stm32l1xx_hal_spi.o (symbol from plugin)
 .text          0x00000000        0x0 ..\obj\stm32l1xx_hal_i2c.o (symbol from plugin)
 .text          0x00000000        0x0 ..\obj\timer.o (symbol from plugin)
 .text          0x00000000        0x0 ..\obj\stm32l1xx_hal_spi_ex.o (symbol from plugin)
 .text          0x00000000        0x0 ..\obj\utilities.o (symbol from plugin)
 .text          0x00000000        0x0 ..\obj\stm32l1xx_hal_rtc.o (symbol from plugin)
 .text          0x00000000        0x0 ..\obj\uart.o (symbol from plugin)
 .text          0x00000000        0x0 ..\obj\stm32l1xx_hal_gpio.o (symbol from plugin)
 .text          0x00000000        0x0 ..\obj\stm32l1xx_hal_flash.o (symbol from plugin)
 .text          0x00000000        0x0 ..\obj\system_stm32l1xx.o (symbol from plugin)
 .text          0x00000000        0x0 ..\obj\main.o (symbol from plugin)
 .text          0x00000000        0x0 ..\obj\i2c-board.o (symbol from plugin)
 .text          0x00000000        0x0 ..\obj\board.o (symbol from plugin)
 .text          0x00000000        0x0 ..\obj\stm32l1xx_hal_rtc_ex.o (symbol from plugin)
 .text          0x00000000        0x0 ..\obj\stm32l1xx_hal_rcc_ex.o (symbol from plugin)
 .text          0x00000000        0x0 ..\obj\gpio-board.o (symbol from plugin)
 .text          0x00000000        0x0 ..\obj\printf.o (symbol from plugin)
 .text          0x00000000        0x0 ..\obj\stm32l1xx_hal.o (symbol from plugin)
 .text          0x00000000        0x0 ..\obj\gpio.o (symbol from plugin)
 .text          0x00000000        0x0 ..\obj\stm32l1xx_hal_pwr.o (symbol from plugin)
 .text          0x00000000        0x0 ..\obj\rtc-board.o (symbol from plugin)
 .text          0x00000000        0x0 ..\obj\cmac.o (symbol from plugin)
 .text          0x00000000        0x0 ..\obj\aes.o (symbol from plugin)
 .text          0x00000000        0x0 ..\obj\LoRaMac.o (symbol from plugin)
 .text          0x00000000        0x0 ..\obj\stm32l1xx_hal_cortex.o (symbol from plugin)
 .text          0x00000000        0x0 ..\obj\sx1276-board.o (symbol from plugin)
 .text          0x00000000        0x0 ..\obj\fifo.o (symbol from plugin)
 .text          0x00000000        0x0 ..\obj\uart-board.o (symbol from plugin)
 .text          0x00000000        0x0 ..\obj\stm32l1xx_hal_rcc.o (symbol from plugin)
 .text          0x00000000        0x0 ..\obj\adc.o (symbol from plugin)
 .text          0x00000000        0x0 ..\obj\stm32l1xx_hal_uart.o (symbol from plugin)
 .text          0x00000000        0x0 ..\obj\spi-board.o (symbol from plugin)
 .text          0x00000000        0x0 ..\obj\stm32l1xx_hal_pwr_ex.o (symbol from plugin)
 .text          0x00000000        0x0 ..\obj\stm32l1xx_hal_adc.o (symbol from plugin)
 .text          0x00000000        0x0 ..\obj\LoRaMacCrypto.o (symbol from plugin)
 .text          0x00000000       0x14 ..\obj\startup_stm32l151xb.o
 .data          0x00000000        0x0 ..\obj\startup_stm32l151xb.o
 .bss           0x00000000        0x0 ..\obj\startup_stm32l151xb.o
 .text          0x00000000        0x0 ..\obj\stm32l1xx_hal_dma.o (symbol from plugin)
 .text          0x00000000        0x0 d:/program files (x86)/gnu tools arm embedded/4.9 2014q4/bin/../lib/gcc/arm-none-eabi/4.9.3/../../../../arm-none-eabi/lib/armv7-m\libc_nano.a(lib_a-exit.o)
 .data          0x00000000        0x0 d:/program files (x86)/gnu tools arm embedded/4.9 2014q4/bin/../lib/gcc/arm-none-eabi/4.9.3/../../../../arm-none-eabi/lib/armv7-m\libc_nano.a(lib_a-exit.o)
 .bss           0x00000000        0x0 d:/program files (x86)/gnu tools arm embedded/4.9 2014q4/bin/../lib/gcc/arm-none-eabi/4.9.3/../../../../arm-none-eabi/lib/armv7-m\libc_nano.a(lib_a-exit.o)
 .text.exit     0x00000000       0x28 d:/program files (x86)/gnu tools arm embedded/4.9 2014q4/bin/../lib/gcc/arm-none-eabi/4.9.3/../../../../arm-none-eabi/lib/armv7-m\libc_nano.a(lib_a-exit.o)
 .debug_frame   0x00000000       0x28 d:/program files (x86)/gnu tools arm embedded/4.9 2014q4/bin/../lib/gcc/arm-none-eabi/4.9.3/../../../../arm-none-eabi/lib/armv7-m\libc_nano.a(lib_a-exit.o)
 .ARM.attributes
                0x00000000       0x2d d:/program files (x86)/gnu tools arm embedded/4.9 2014q4/bin/../lib/gcc/arm-none-eabi/4.9.3/../../../../arm-none-eabi/lib/armv7-m\libc_nano.a(lib_a-exit.o)
 .text          0x00000000        0x0 d:/program files (x86)/gnu tools arm embedded/4.9 2014q4/bin/../lib/gcc/arm-none-eabi/4.9.3/../../../../arm-none-eabi/lib/armv7-m\libc_nano.a(lib_a-impure.o)
 .data          0x00000000        0x0 d:/program files (x86)/gnu tools arm embedded/4.9 2014q4/bin/../lib/gcc/arm-none-eabi/4.9.3/../../../../arm-none-eabi/lib/armv7-m\libc_nano.a(lib_a-impure.o)
 .bss           0x00000000        0x0 d:/program files (x86)/gnu tools arm embedded/4.9 2014q4/bin/../lib/gcc/arm-none-eabi/4.9.3/../../../../arm-none-eabi/lib/armv7-m\libc_nano.a(lib_a-impure.o)
 .rodata._global_impure_ptr
                0x00000000        0x4 d:/program files (x86)/gnu tools arm embedded/4.9 2014q4/bin/../lib/gcc/arm-none-eabi/4.9.3/../../../../arm-none-eabi/lib/armv7-m\libc_nano.a(lib_a-impure.o)
 .text          0x00000000        0x0 d:/program files (x86)/gnu tools arm embedded/4.9 2014q4/bin/../lib/gcc/arm-none-eabi/4.9.3/../../../../arm-none-eabi/lib/armv7-m\libc_nano.a(lib_a-init.o)
 .data          0x00000000        0x0 d:/program files (x86)/gnu tools arm embedded/4.9 2014q4/bin/../lib/gcc/arm-none-eabi/4.9.3/../../../../arm-none-eabi/lib/armv7-m\libc_nano.a(lib_a-init.o)
 .bss           0x00000000        0x0 d:/program files (x86)/gnu tools arm embedded/4.9 2014q4/bin/../lib/gcc/arm-none-eabi/4.9.3/../../../../arm-none-eabi/lib/armv7-m\libc_nano.a(lib_a-init.o)
 .text          0x00000000        0x0 d:/program files (x86)/gnu tools arm embedded/4.9 2014q4/bin/../lib/gcc/arm-none-eabi/4.9.3/../../../../arm-none-eabi/lib/armv7-m\libc_nano.a(lib_a-memset.o)
 .data          0x00000000        0x0 d:/program files (x86)/gnu tools arm embedded/4.9 2014q4/bin/../lib/gcc/arm-none-eabi/4.9.3/../../../../arm-none-eabi/lib/armv7-m\libc_nano.a(lib_a-memset.o)
 .bss           0x00000000        0x0 d:/program files (x86)/gnu tools arm embedded/4.9 2014q4/bin/../lib/gcc/arm-none-eabi/4.9.3/../../../../arm-none-eabi/lib/armv7-m\libc_nano.a(lib_a-memset.o)
 .text          0x00000000        0x0 d:/program files (x86)/gnu tools arm embedded/4.9 2014q4/bin/../lib/gcc/arm-none-eabi/4.9.3/../../../../arm-none-eabi/lib/armv7-m\libm.a(lib_a-s_ceil.o)
 .data          0x00000000        0x0 d:/program files (x86)/gnu tools arm embedded/4.9 2014q4/bin/../lib/gcc/arm-none-eabi/4.9.3/../../../../arm-none-eabi/lib/armv7-m\libm.a(lib_a-s_ceil.o)
 .bss           0x00000000        0x0 d:/program files (x86)/gnu tools arm embedded/4.9 2014q4/bin/../lib/gcc/arm-none-eabi/4.9.3/../../../../arm-none-eabi/lib/armv7-m\libm.a(lib_a-s_ceil.o)
 .text          0x00000000        0x0 d:/program files (x86)/gnu tools arm embedded/4.9 2014q4/bin/../lib/gcc/arm-none-eabi/4.9.3/../../../../arm-none-eabi/lib/armv7-m\libm.a(lib_a-s_floor.o)
 .data          0x00000000        0x0 d:/program files (x86)/gnu tools arm embedded/4.9 2014q4/bin/../lib/gcc/arm-none-eabi/4.9.3/../../../../arm-none-eabi/lib/armv7-m\libm.a(lib_a-s_floor.o)
 .bss           0x00000000        0x0 d:/program files (x86)/gnu tools arm embedded/4.9 2014q4/bin/../lib/gcc/arm-none-eabi/4.9.3/../../../../arm-none-eabi/lib/armv7-m\libm.a(lib_a-s_floor.o)
 .text          0x00000000        0x0 d:/program files (x86)/gnu tools arm embedded/4.9 2014q4/bin/../lib/gcc/arm-none-eabi/4.9.3/../../../../arm-none-eabi/lib/armv7-m\libm.a(lib_a-s_round.o)
 .data          0x00000000        0x0 d:/program files (x86)/gnu tools arm embedded/4.9 2014q4/bin/../lib/gcc/arm-none-eabi/4.9.3/../../../../arm-none-eabi/lib/armv7-m\libm.a(lib_a-s_round.o)
 .bss           0x00000000        0x0 d:/program files (x86)/gnu tools arm embedded/4.9 2014q4/bin/../lib/gcc/arm-none-eabi/4.9.3/../../../../arm-none-eabi/lib/armv7-m\libm.a(lib_a-s_round.o)
 .text          0x00000000        0x0 d:/program files (x86)/gnu tools arm embedded/4.9 2014q4/bin/../lib/gcc/arm-none-eabi/4.9.3/../../../../arm-none-eabi/lib/armv7-m\librdimon_nano.a(rdimon-_exit.o)
 .data          0x00000000        0x0 d:/program files (x86)/gnu tools arm embedded/4.9 2014q4/bin/../lib/gcc/arm-none-eabi/4.9.3/../../../../arm-none-eabi/lib/armv7-m\librdimon_nano.a(rdimon-_exit.o)
 .bss           0x00000000        0x0 d:/program files (x86)/gnu tools arm embedded/4.9 2014q4/bin/../lib/gcc/arm-none-eabi/4.9.3/../../../../arm-none-eabi/lib/armv7-m\librdimon_nano.a(rdimon-_exit.o)
 .text._exit    0x00000000        0x8 d:/program files (x86)/gnu tools arm embedded/4.9 2014q4/bin/../lib/gcc/arm-none-eabi/4.9.3/../../../../arm-none-eabi/lib/armv7-m\librdimon_nano.a(rdimon-_exit.o)
 .debug_frame   0x00000000       0x20 d:/program files (x86)/gnu tools arm embedded/4.9 2014q4/bin/../lib/gcc/arm-none-eabi/4.9.3/../../../../arm-none-eabi/lib/armv7-m\librdimon_nano.a(rdimon-_exit.o)
 .ARM.attributes
                0x00000000       0x2d d:/program files (x86)/gnu tools arm embedded/4.9 2014q4/bin/../lib/gcc/arm-none-eabi/4.9.3/../../../../arm-none-eabi/lib/armv7-m\librdimon_nano.a(rdimon-_exit.o)
 .text          0x00000000        0x0 d:/program files (x86)/gnu tools arm embedded/4.9 2014q4/bin/../lib/gcc/arm-none-eabi/4.9.3/../../../../arm-none-eabi/lib/armv7-m\librdimon_nano.a(rdimon-_kill.o)
 .data          0x00000000        0x0 d:/program files (x86)/gnu tools arm embedded/4.9 2014q4/bin/../lib/gcc/arm-none-eabi/4.9.3/../../../../arm-none-eabi/lib/armv7-m\librdimon_nano.a(rdimon-_kill.o)
 .bss           0x00000000        0x0 d:/program files (x86)/gnu tools arm embedded/4.9 2014q4/bin/../lib/gcc/arm-none-eabi/4.9.3/../../../../arm-none-eabi/lib/armv7-m\librdimon_nano.a(rdimon-_kill.o)
 .text._kill    0x00000000       0x20 d:/program files (x86)/gnu tools arm embedded/4.9 2014q4/bin/../lib/gcc/arm-none-eabi/4.9.3/../../../../arm-none-eabi/lib/armv7-m\librdimon_nano.a(rdimon-_kill.o)
 .debug_frame   0x00000000       0x2c d:/program files (x86)/gnu tools arm embedded/4.9 2014q4/bin/../lib/gcc/arm-none-eabi/4.9.3/../../../../arm-none-eabi/lib/armv7-m\librdimon_nano.a(rdimon-_kill.o)
 .ARM.attributes
                0x00000000       0x2d d:/program files (x86)/gnu tools arm embedded/4.9 2014q4/bin/../lib/gcc/arm-none-eabi/4.9.3/../../../../arm-none-eabi/lib/armv7-m\librdimon_nano.a(rdimon-_kill.o)
 .data          0x00000000        0x0 d:/program files (x86)/gnu tools arm embedded/4.9 2014q4/bin/../lib/gcc/arm-none-eabi/4.9.3/armv7-m\libgcc.a(_arm_addsubdf3.o)
 .bss           0x00000000        0x0 d:/program files (x86)/gnu tools arm embedded/4.9 2014q4/bin/../lib/gcc/arm-none-eabi/4.9.3/armv7-m\libgcc.a(_arm_addsubdf3.o)
 .data          0x00000000        0x0 d:/program files (x86)/gnu tools arm embedded/4.9 2014q4/bin/../lib/gcc/arm-none-eabi/4.9.3/armv7-m\libgcc.a(_arm_cmpdf2.o)
 .bss           0x00000000        0x0 d:/program files (x86)/gnu tools arm embedded/4.9 2014q4/bin/../lib/gcc/arm-none-eabi/4.9.3/armv7-m\libgcc.a(_arm_cmpdf2.o)
 .text          0x00000000        0x0 d:/program files (x86)/gnu tools arm embedded/4.9 2014q4/bin/../lib/gcc/arm-none-eabi/4.9.3/armv7-m/crtend.o
 .data          0x00000000        0x0 d:/program files (x86)/gnu tools arm embedded/4.9 2014q4/bin/../lib/gcc/arm-none-eabi/4.9.3/armv7-m/crtend.o
 .bss           0x00000000        0x0 d:/program files (x86)/gnu tools arm embedded/4.9 2014q4/bin/../lib/gcc/arm-none-eabi/4.9.3/armv7-m/crtend.o
 .text          0x00000000        0x0 d:/program files (x86)/gnu tools arm embedded/4.9 2014q4/bin/../lib/gcc/arm-none-eabi/4.9.3/armv7-m/crtn.o
 .data          0x00000000        0x0 d:/program files (x86)/gnu tools arm embedded/4.9 2014q4/bin/../lib/gcc/arm-none-eabi/4.9.3/armv7-m/crtn.o
 .bss           0x00000000        0x0 d:/program files (x86)/gnu tools arm embedded/4.9 2014q4/bin/../lib/gcc/arm-none-eabi/4.9.3/armv7-m/crtn.o

Memory Configuration

Name             Origin             Length             Attributes
FLASH            0x08000000         0x00020000         xr
RAM              0x20000000         0x00004000         xrw
*default*        0x00000000         0xffffffff

Linker script and memory map

LOAD d:/program files (x86)/gnu tools arm embedded/4.9 2014q4/bin/../lib/gcc/arm-none-eabi/4.9.3/armv7-m/crti.o
LOAD d:/program files (x86)/gnu tools arm embedded/4.9 2014q4/bin/../lib/gcc/arm-none-eabi/4.9.3/armv7-m/crtbegin.o
LOAD d:/program files (x86)/gnu tools arm embedded/4.9 2014q4/bin/../lib/gcc/arm-none-eabi/4.9.3/../../../../arm-none-eabi/lib/armv7-m/crt0.o
                0x20004000                _estack = 0x20004000

.text           0x08000000     0x89cc
 *(.isr_vector)
 .isr_vector    0x08000000      0x13c ..\obj\startup_stm32l151xb.o
                0x08000000                g_pfnVectors
 *(.text*)
 .text          0x0800013c       0x5c d:/program files (x86)/gnu tools arm embedded/4.9 2014q4/bin/../lib/gcc/arm-none-eabi/4.9.3/armv7-m/crtbegin.o
 .text          0x08000198      0xb24 C:\Users\FAMILY\AppData\Local\Temp\cclOtYUd.ltrans0.ltrans.o
                0x08000198                BoardInitMcu
 *fill*         0x08000cbc        0x4 
 .text          0x08000cc0      0xfb0 C:\Users\FAMILY\AppData\Local\Temp\cclOtYUd.ltrans1.ltrans.o
                0x08000ce8                SX1276GetStatus
                0x08000cf4                SX1276ReadRssi
                0x08000d3c                SX1276StartCad
                0x08000d78                SX1276SetChannel
                0x08000dc4                SX1276SetStby
                0x08000df0                SX1276SetSleep
                0x08000e1c                SX1276SetRx
                0x08001090                SX1276Send
                0x08001228                SX1276GetTimeOnAir
                0x08001418                SX1276SetTxConfig
                0x080016e4                SX1276SetTxContinuousWave
                0x0800177c                SX1276SetRxConfig
                0x08001a8c                SX1276Random
                0x08001aca                SX1276IsChannelFree
                0x08001afe                RxChainCalibration.lto_priv.214
                0x08001b9c                SX1276Init
 .text          0x08001c70      0xaa0 C:\Users\FAMILY\AppData\Local\Temp\cclOtYUd.ltrans2.ltrans.o
                0x08001c70                MlmeConfirm.lto_priv.176
                0x08001cb4                SX1276OnDio4Irq
                0x08001cd0                SX1276OnDio3Irq
                0x08001d20                SystemInit
                0x08001d68                HAL_GPIO_EXTI_IRQHandler
                0x08001d98                HAL_GPIO_Init
                0x08001f34                RTC_Bcd2ToByte
                0x08001f44                RTC_ByteToBcd2
                0x08001f5a                memcpy1
                0x08001f6e                rand1
                0x08001f98                TimerSetTimeout.isra.0.lto_priv.171
                0x08002338                TimerStop
                0x080023bc                OnLed2TimerEvent.lto_priv.179
                0x080023d8                OnLed1TimerEvent.lto_priv.178
                0x080023f4                OnTxNextPacketTimerEvent.lto_priv.177
                0x08002424                TimerStart
                0x080024b8                McpsIndication.lto_priv.175
                0x080026dc                McpsConfirm.lto_priv.174
                0x08002704                DebugMon_Handler
                0x08002706                UsageFault_Handler
                0x08002708                BusFault_Handler
                0x0800270a                MemManage_Handler
                0x0800270c                NMI_Handler
 .text          0x08002710      0xb40 C:\Users\FAMILY\AppData\Local\Temp\cclOtYUd.ltrans3.ltrans.o
                0x08002710                SX1276CheckRfFrequency
                0x08002954                aes_set_key.part.0.constprop.40
                0x080029d4                HAL_InitTick.constprop.23
                0x08002a18                LoRaMacJoinComputeMic
                0x08002a64                LoRaMacPayloadEncrypt
                0x08002b44                LoRaMacComputeMic
                0x08002bc8                RCC_SetFlashLatencyFromMSIRange.lto_priv.173
                0x08002c48                HAL_RCC_GetPCLK2Freq
                0x08002c7c                HAL_RCC_GetPCLK1Freq
                0x08002cb0                USART1_IRQHandler
                0x08002f08                ComputeRxWindowParameters.lto_priv.131
                0x08003078                LoRaMacMlmeRequest
 .text          0x08003250      0xc50 C:\Users\FAMILY\AppData\Local\Temp\cclOtYUd.ltrans4.ltrans.o
                0x08003250                OnRxWindow2TimerEvent.lto_priv.128
                0x08003298                OnRadioRxTimeout.lto_priv.194
                0x080032ec                OnRadioTxTimeout.lto_priv.193
                0x08003328                OnRxWindow1TimerEvent.lto_priv.187
                0x08003378                OnTxDelayedTimerEvent.lto_priv.185
                0x080033f4                OnMacStateCheckTimerEvent.lto_priv.184
                0x08003680                OnRadioRxError.lto_priv.192
                0x08003740                OnRadioRxDone.lto_priv.191
                0x08003cc4                OnRadioTxDone.lto_priv.190
 .text          0x08003ea0      0xb4c C:\Users\FAMILY\AppData\Local\Temp\cclOtYUd.ltrans5.ltrans.o
                0x08003ea0                LoRaMacChannelRemove
                0x08003eec                LoRaMacChannelAdd
                0x08004020                LoRaMacMibSetRequestConfirm
                0x080041cc                PrepareFrame
                0x0800450c                ResetMacParameters.lto_priv.112
                0x080045a4                AlternateDatarate.lto_priv.113
                0x080045e6                ScheduleTx.lto_priv.141
 .text          0x080049ec      0x630 C:\Users\FAMILY\AppData\Local\Temp\cclOtYUd.ltrans6.ltrans.o
                0x080049ec                OnAckTimeoutTimerEvent.lto_priv.168
                0x08004a38                Send
                0x08004a80                ProcessMacCommands.lto_priv.167
                0x08004ec0                AdrNextDr.lto_priv.129
                0x08004f18                ValidatePayloadLength.lto_priv.130
                0x08004f40                RxWindowSetup.lto_priv.166
 .text          0x0800501c       0x24 C:\Users\FAMILY\AppData\Local\Temp\cclOtYUd.ltrans7.ltrans.o
                0x0800501c                BoardEnableIrq
                0x08005030                BoardDisableIrq
 .text.startup  0x08005040      0x66c C:\Users\FAMILY\AppData\Local\Temp\cclOtYUd.ltrans7.ltrans.o
                0x08005040                main
 *fill*         0x080056ac        0x4 
 .text          0x080056b0      0x920 C:\Users\FAMILY\AppData\Local\Temp\cclOtYUd.ltrans8.ltrans.o
                0x08005734                aes_encrypt
                0x08005b06                RtcGetCalendar.lto_priv.212
                0x08005bb4                RtcConvertCalendarTickToTimerTime.lto_priv.169
                0x08005d14                RtcRecoverMcuStatus
                0x08005d54                RtcComputeElapsedTime
                0x08005d70                RtcGetElapsedAlarmTime
                0x08005d94                RTC_Alarm_IRQHandler
                0x08005eb4                GpioWrite
                0x08005ed4                HAL_Delay
                0x08005ef0                fputs
 .text          0x08005fd0      0x750 C:\Users\FAMILY\AppData\Local\Temp\cclOtYUd.ltrans9.ltrans.o
                0x08005fd0                SX1276ReadBuffer
                0x08006010                SX1276Read
                0x08006026                SX1276WriteBuffer
                0x08006064                SX1276Write
                0x0800607a                SX1276OnDio2Irq
                0x0800614c                SX1276OnDio1Irq
                0x08006230                SX1276OnDio0Irq
                0x08006494                SX1276SetModem
                0x08006510                SX1276SetPublicNetwork
                0x08006534                SX1276SetMaxPayloadLength
                0x08006564                SX1276SetOpMode
                0x08006610                SX1276Reset
                0x08006650                SX1276OnTimeoutIrq
 .text          0x08006720      0x6ac C:\Users\FAMILY\AppData\Local\Temp\cclOtYUd.ltrans10.ltrans.o
                0x08006720                HAL_ADC_DeInit.constprop.107
                0x08006838                AdcMcuReadChannel.constprop.96
                0x08006ab8                SpiInOut.constprop.95
                0x08006af0                HAL_RTC_DeactivateAlarm.part.0.constprop.88
                0x08006b58                HAL_NVIC_SetPriority.constprop.85
                0x08006bb4                GpioSetInterrupt.constprop.83
                0x08006c90                memset1.constprop.73
                0x08006ca6                RTC_EnterInitMode.constprop.71
                0x08006cd8                HAL_RTC_WaitForSynchro.constprop.65
                0x08006d04                HAL_UART_Receive_IT.constprop.56
                0x08006d78                UART_WaitOnFlagUntilTimeout.constprop.48
 .text          0x08006dcc      0x4b8 C:\Users\FAMILY\AppData\Local\Temp\cclOtYUd.ltrans11.ltrans.o
                0x08006ed0                BoardGetBatteryLevel
                0x08006f4c                printf
                0x080070ac                EXTI15_10_IRQHandler
                0x080070e6                EXTI9_5_IRQHandler
                0x08007112                EXTI4_IRQHandler
                0x08007122                EXTI3_IRQHandler
                0x08007132                EXTI2_IRQHandler
                0x08007142                EXTI1_IRQHandler
                0x08007152                EXTI0_IRQHandler
                0x08007162                GpioMcuInit
                0x08007274                SysTick_Handler
 .text          0x08007284      0x424 d:/program files (x86)/gnu tools arm embedded/4.9 2014q4/bin/../lib/gcc/arm-none-eabi/4.9.3/armv7-m\libgcc.a(_arm_muldivdf3.o)
                0x08007284                __aeabi_dmul
                0x08007284                __muldf3
                0x080074d8                __divdf3
                0x080074d8                __aeabi_ddiv
 .text          0x080076a8       0x50 d:/program files (x86)/gnu tools arm embedded/4.9 2014q4/bin/../lib/gcc/arm-none-eabi/4.9.3/armv7-m\libgcc.a(_arm_fixdfsi.o)
                0x080076a8                __aeabi_d2iz
                0x080076a8                __fixdfsi
 .text          0x080076f8       0x40 d:/program files (x86)/gnu tools arm embedded/4.9 2014q4/bin/../lib/gcc/arm-none-eabi/4.9.3/armv7-m\libgcc.a(_arm_fixunsdfsi.o)
                0x080076f8                __aeabi_d2uiz
                0x080076f8                __fixunsdfsi
 .text          0x08007738      0x21c d:/program files (x86)/gnu tools arm embedded/4.9 2014q4/bin/../lib/gcc/arm-none-eabi/4.9.3/armv7-m\libgcc.a(_arm_addsubsf3.o)
                0x08007738                __aeabi_frsub
                0x08007740                __subsf3
                0x08007740                __aeabi_fsub
                0x08007744                __aeabi_fadd
                0x08007744                __addsf3
                0x080078a4                __aeabi_ui2f
                0x080078a4                __floatunsisf
                0x080078ac                __aeabi_i2f
                0x080078ac                __floatsisf
                0x080078c8                __aeabi_ul2f
                0x080078c8                __floatundisf
                0x080078d8                __aeabi_l2f
                0x080078d8                __floatdisf
 .text          0x08007954      0x2a0 d:/program files (x86)/gnu tools arm embedded/4.9 2014q4/bin/../lib/gcc/arm-none-eabi/4.9.3/armv7-m\libgcc.a(_arm_muldivsf3.o)
                0x08007954                __mulsf3
                0x08007954                __aeabi_fmul
                0x08007abc                __aeabi_fdiv
                0x08007abc                __divsf3
 .text          0x08007bf4       0x40 d:/program files (x86)/gnu tools arm embedded/4.9 2014q4/bin/../lib/gcc/arm-none-eabi/4.9.3/armv7-m\libgcc.a(_arm_fixunssfsi.o)
                0x08007bf4                __fixunssfsi
                0x08007bf4                __aeabi_f2uiz
 .text.Reset_Handler
                0x08007c34       0x48 ..\obj\startup_stm32l151xb.o
                0x08007c34                Reset_Handler
 .text.Default_Handler
                0x08007c7c        0x2 ..\obj\startup_stm32l151xb.o
                0x08007c7c                HardFault_Handler
                0x08007c7c                TIM10_IRQHandler
                0x08007c7c                USB_HP_IRQHandler
                0x08007c7c                TIM6_IRQHandler
                0x08007c7c                PVD_IRQHandler
                0x08007c7c                PendSV_Handler
                0x08007c7c                I2C2_EV_IRQHandler
                0x08007c7c                SPI1_IRQHandler
                0x08007c7c                USB_FS_WKUP_IRQHandler
                0x08007c7c                DMA1_Channel4_IRQHandler
                0x08007c7c                ADC1_IRQHandler
                0x08007c7c                USART3_IRQHandler
                0x08007c7c                DMA1_Channel7_IRQHandler
                0x08007c7c                TIM4_IRQHandler
                0x08007c7c                I2C1_EV_IRQHandler
                0x08007c7c                DMA1_Channel6_IRQHandler
                0x08007c7c                TIM3_IRQHandler
                0x08007c7c                RCC_IRQHandler
                0x08007c7c                DMA1_Channel1_IRQHandler
                0x08007c7c                Default_Handler
                0x08007c7c                TIM7_IRQHandler
                0x08007c7c                TIM9_IRQHandler
                0x08007c7c                TAMPER_STAMP_IRQHandler
                0x08007c7c                RTC_WKUP_IRQHandler
                0x08007c7c                SPI2_IRQHandler
                0x08007c7c                SVC_Handler
                0x08007c7c                DMA1_Channel5_IRQHandler
                0x08007c7c                USB_LP_IRQHandler
                0x08007c7c                DMA1_Channel3_IRQHandler
                0x08007c7c                COMP_IRQHandler
                0x08007c7c                WWDG_IRQHandler
                0x08007c7c                TIM2_IRQHandler
                0x08007c7c                DAC_IRQHandler
                0x08007c7c                TIM11_IRQHandler
                0x08007c7c                USART2_IRQHandler
                0x08007c7c                I2C2_ER_IRQHandler
                0x08007c7c                DMA1_Channel2_IRQHandler
                0x08007c7c                FLASH_IRQHandler
                0x08007c7c                I2C1_ER_IRQHandler
 *fill*         0x08007c7e        0x2 
 .text.__libc_init_array
                0x08007c80       0x4c d:/program files (x86)/gnu tools arm embedded/4.9 2014q4/bin/../lib/gcc/arm-none-eabi/4.9.3/../../../../arm-none-eabi/lib/armv7-m\libc_nano.a(lib_a-init.o)
                0x08007c80                __libc_init_array
 .text.memset   0x08007ccc       0x10 d:/program files (x86)/gnu tools arm embedded/4.9 2014q4/bin/../lib/gcc/arm-none-eabi/4.9.3/../../../../arm-none-eabi/lib/armv7-m\libc_nano.a(lib_a-memset.o)
                0x08007ccc                memset
 *fill*         0x08007cdc        0x4 
 .text.ceil     0x08007ce0      0x110 d:/program files (x86)/gnu tools arm embedded/4.9 2014q4/bin/../lib/gcc/arm-none-eabi/4.9.3/../../../../arm-none-eabi/lib/armv7-m\libm.a(lib_a-s_ceil.o)
                0x08007ce0                ceil
 .text.floor    0x08007df0      0x118 d:/program files (x86)/gnu tools arm embedded/4.9 2014q4/bin/../lib/gcc/arm-none-eabi/4.9.3/../../../../arm-none-eabi/lib/armv7-m\libm.a(lib_a-s_floor.o)
                0x08007df0                floor
 .text.round    0x08007f08       0xa0 d:/program files (x86)/gnu tools arm embedded/4.9 2014q4/bin/../lib/gcc/arm-none-eabi/4.9.3/../../../../arm-none-eabi/lib/armv7-m\libm.a(lib_a-s_round.o)
                0x08007f08                round
 .text          0x08007fa8      0x370 d:/program files (x86)/gnu tools arm embedded/4.9 2014q4/bin/../lib/gcc/arm-none-eabi/4.9.3/armv7-m\libgcc.a(_arm_addsubdf3.o)
                0x08007fa8                __aeabi_drsub
                0x08007fb0                __aeabi_dsub
                0x08007fb0                __subdf3
                0x08007fb4                __aeabi_dadd
                0x08007fb4                __adddf3
                0x0800822c                __floatunsidf
                0x0800822c                __aeabi_ui2d
                0x0800824c                __floatsidf
                0x0800824c                __aeabi_i2d
                0x08008270                __aeabi_f2d
                0x08008270                __extendsfdf2
                0x080082ac                __floatundidf
                0x080082ac                __aeabi_ul2d
                0x080082bc                __floatdidf
                0x080082bc                __aeabi_l2d
 .text          0x08008318      0x110 d:/program files (x86)/gnu tools arm embedded/4.9 2014q4/bin/../lib/gcc/arm-none-eabi/4.9.3/armv7-m\libgcc.a(_arm_cmpdf2.o)
                0x08008318                __gtdf2
                0x08008318                __gedf2
                0x08008320                __ltdf2
                0x08008320                __ledf2
                0x08008328                __nedf2
                0x08008328                __eqdf2
                0x08008328                __cmpdf2
                0x080083a4                __aeabi_cdrcmple
                0x080083b4                __aeabi_cdcmpeq
                0x080083b4                __aeabi_cdcmple
                0x080083c4                __aeabi_dcmpeq
                0x080083d8                __aeabi_dcmplt
                0x080083ec                __aeabi_dcmple
                0x08008400                __aeabi_dcmpge
                0x08008414                __aeabi_dcmpgt
 *(.init)
 .init          0x08008428        0x4 d:/program files (x86)/gnu tools arm embedded/4.9 2014q4/bin/../lib/gcc/arm-none-eabi/4.9.3/armv7-m/crti.o
                0x08008428                _init
 .init          0x0800842c        0x8 d:/program files (x86)/gnu tools arm embedded/4.9 2014q4/bin/../lib/gcc/arm-none-eabi/4.9.3/armv7-m/crtn.o
 *(.fini)
 .fini          0x08008434        0x4 d:/program files (x86)/gnu tools arm embedded/4.9 2014q4/bin/../lib/gcc/arm-none-eabi/4.9.3/armv7-m/crti.o
                0x08008434                _fini
 .fini          0x08008438        0x8 d:/program files (x86)/gnu tools arm embedded/4.9 2014q4/bin/../lib/gcc/arm-none-eabi/4.9.3/armv7-m/crtn.o
 *crtbegin.o(.ctors)
 *crtbegin?.o(.ctors)
 *(EXCLUDE_FILE(*crtend.o *crtend?.o) .ctors)
 *(SORT(.ctors.*))
 *(.ctors)
 *crtbegin.o(.dtors)
 *crtbegin?.o(.dtors)
 *(EXCLUDE_FILE(*crtend.o *crtend?.o) .dtors)
 *(SORT(.dtors.*))
 *(.dtors)
 *(.rodata*)
 .rodata        0x08008440       0x19 C:\Users\FAMILY\AppData\Local\Temp\cclOtYUd.ltrans0.ltrans.o
 .rodata.str1.1
                0x08008459       0x14 C:\Users\FAMILY\AppData\Local\Temp\cclOtYUd.ltrans0.ltrans.o
 *fill*         0x0800846d        0x3 
 .rodata        0x08008470       0xc8 C:\Users\FAMILY\AppData\Local\Temp\cclOtYUd.ltrans1.ltrans.o
 .rodata        0x08008538      0x194 C:\Users\FAMILY\AppData\Local\Temp\cclOtYUd.ltrans3.ltrans.o
                0x08008538                sbox.lto_priv.170
                0x08008660                Datarates
                0x08008668                TxPowers
                0x08008670                Radio
 .rodata.str1.1
                0x080086cc       0x12 C:\Users\FAMILY\AppData\Local\Temp\cclOtYUd.ltrans4.ltrans.o
 .rodata.str1.1
                0x080086de       0x2a C:\Users\FAMILY\AppData\Local\Temp\cclOtYUd.ltrans5.ltrans.o
 .rodata        0x08008708       0x10 C:\Users\FAMILY\AppData\Local\Temp\cclOtYUd.ltrans6.ltrans.o
                0x08008708                MaxPayloadOfDatarateRepeater
                0x08008710                MaxPayloadOfDatarate
 .rodata        0x08008718       0x40 C:\Users\FAMILY\AppData\Local\Temp\cclOtYUd.ltrans7.ltrans.o
 .rodata        0x08008758      0x218 C:\Users\FAMILY\AppData\Local\Temp\cclOtYUd.ltrans8.ltrans.o
                0x08008958                DaysInMonthLeapYear.lto_priv.209
                0x08008964                DaysInMonth.lto_priv.210
 .rodata        0x08008970       0x30 C:\Users\FAMILY\AppData\Local\Temp\cclOtYUd.ltrans9.ltrans.o
                0x08008970                RadioRegsInit
 .rodata.str1.1
                0x080089a0       0x24 C:\Users\FAMILY\AppData\Local\Temp\cclOtYUd.ltrans11.ltrans.o
 .rodata.str1.1
                0x080089c4        0x2 d:/program files (x86)/gnu tools arm embedded/4.9 2014q4/bin/../lib/gcc/arm-none-eabi/4.9.3/../../../../arm-none-eabi/lib/armv7-m\libc_nano.a(lib_a-impure.o)
 *(.eh_frame*)
 *fill*         0x080089c6        0x2 
 .eh_frame      0x080089c8        0x0 d:/program files (x86)/gnu tools arm embedded/4.9 2014q4/bin/../lib/gcc/arm-none-eabi/4.9.3/armv7-m/crtbegin.o
 .eh_frame      0x080089c8        0x4 d:/program files (x86)/gnu tools arm embedded/4.9 2014q4/bin/../lib/gcc/arm-none-eabi/4.9.3/armv7-m/crtend.o

.glue_7         0x080089cc        0x0
 .glue_7        0x00000000        0x0 linker stubs

.glue_7t        0x080089cc        0x0
 .glue_7t       0x00000000        0x0 linker stubs

.vfp11_veneer   0x080089cc        0x0
 .vfp11_veneer  0x00000000        0x0 linker stubs

.v4_bx          0x080089cc        0x0
 .v4_bx         0x00000000        0x0 linker stubs

.iplt           0x080089cc        0x0
 .iplt          0x00000000        0x0 d:/program files (x86)/gnu tools arm embedded/4.9 2014q4/bin/../lib/gcc/arm-none-eabi/4.9.3/armv7-m/crtbegin.o

.rel.dyn        0x080089cc        0x0
 .rel.iplt      0x00000000        0x0 d:/program files (x86)/gnu tools arm embedded/4.9 2014q4/bin/../lib/gcc/arm-none-eabi/4.9.3/armv7-m/crtbegin.o

.ARM.extab
 *(.ARM.extab* .gnu.linkonce.armextab.*)
                0x080089cc                __exidx_start = .

.ARM.exidx
 *(.ARM.exidx* .gnu.linkonce.armexidx.*)
                0x080089cc                __exidx_end = .
                0x080089cc                __etext = .
                0x080089cc                _sidata = __etext

.data           0x20000000      0x1a8 load address 0x080089cc
                0x20000000                __data_start__ = .
                0x20000000                _sdata = .
 *(vtable)
 *(.data*)
 .data          0x20000000       0x18 C:\Users\FAMILY\AppData\Local\Temp\cclOtYUd.ltrans1.ltrans.o
 .data          0x20000018       0x10 C:\Users\FAMILY\AppData\Local\Temp\cclOtYUd.ltrans2.ltrans.o
 .data          0x20000028       0xdc C:\Users\FAMILY\AppData\Local\Temp\cclOtYUd.ltrans3.ltrans.o
                0x20000048                Bands.lto_priv.124
                0x20000084                Channels.lto_priv.114
 .data          0x20000104        0x3 C:\Users\FAMILY\AppData\Local\Temp\cclOtYUd.ltrans5.ltrans.o
                0x20000104                AckTimeoutRetries.lto_priv.147
                0x20000105                AckTimeoutRetriesCounter.lto_priv.144
                0x20000106                IsRxWindowsEnabled.lto_priv.162
 *fill*         0x20000107        0x1 
 .data          0x20000108       0x28 C:\Users\FAMILY\AppData\Local\Temp\cclOtYUd.ltrans7.ltrans.o
                0x20000108                next.lto_priv.207
                0x2000012c                NextTx.lto_priv.197
                0x2000012d                AppPort.lto_priv.200
                0x2000012e                AppDataSize.lto_priv.201
 .data          0x20000130        0x4 C:\Users\FAMILY\AppData\Local\Temp\cclOtYUd.ltrans10.ltrans.o
                0x20000130                SystemCoreClock
 .data          0x20000134        0x2 C:\Users\FAMILY\AppData\Local\Temp\cclOtYUd.ltrans11.ltrans.o
 *fill*         0x20000136        0x2 
 .data.impure_data
                0x20000138       0x60 d:/program files (x86)/gnu tools arm embedded/4.9 2014q4/bin/../lib/gcc/arm-none-eabi/4.9.3/../../../../arm-none-eabi/lib/armv7-m\libc_nano.a(lib_a-impure.o)
 .data._impure_ptr
                0x20000198        0x4 d:/program files (x86)/gnu tools arm embedded/4.9 2014q4/bin/../lib/gcc/arm-none-eabi/4.9.3/../../../../arm-none-eabi/lib/armv7-m\libc_nano.a(lib_a-impure.o)
                0x20000198                _impure_ptr
                0x2000019c                . = ALIGN (0x4)
                0x2000019c                PROVIDE (__preinit_array_start, .)
 *(.preinit_array)
                0x2000019c                PROVIDE (__preinit_array_end, .)
                0x2000019c                . = ALIGN (0x4)
                0x2000019c                PROVIDE (__init_array_start, .)
 *(SORT(.init_array.*))
 *(.init_array)
 .init_array    0x2000019c        0x4 d:/program files (x86)/gnu tools arm embedded/4.9 2014q4/bin/../lib/gcc/arm-none-eabi/4.9.3/armv7-m/crtbegin.o
                0x200001a0                PROVIDE (__init_array_end, .)
                0x200001a0                . = ALIGN (0x4)
                0x200001a0                PROVIDE (__fini_array_start, .)
 *(SORT(.fini_array.*))
 *(.fini_array)
 .fini_array    0x200001a0        0x4 d:/program files (x86)/gnu tools arm embedded/4.9 2014q4/bin/../lib/gcc/arm-none-eabi/4.9.3/armv7-m/crtbegin.o
                0x200001a4                PROVIDE (__fini_array_end, .)
 *(.jcr*)
 .jcr           0x200001a4        0x0 d:/program files (x86)/gnu tools arm embedded/4.9 2014q4/bin/../lib/gcc/arm-none-eabi/4.9.3/armv7-m/crtbegin.o
 .jcr           0x200001a4        0x4 d:/program files (x86)/gnu tools arm embedded/4.9 2014q4/bin/../lib/gcc/arm-none-eabi/4.9.3/armv7-m/crtend.o
                0x200001a8                . = ALIGN (0x4)
                0x200001a8                __data_end__ = .
                0x200001a8                _edata = .

.igot.plt       0x200001a8        0x0 load address 0x08008b74
 .igot.plt      0x00000000        0x0 d:/program files (x86)/gnu tools arm embedded/4.9 2014q4/bin/../lib/gcc/arm-none-eabi/4.9.3/armv7-m/crtbegin.o

.bss            0x200001a8      0xb28 load address 0x08008b74
                0x200001a8                . = ALIGN (0x4)
                0x200001a8                __bss_start__ = .
                0x200001a8                _sbss = .
 *(.bss*)
 .bss           0x200001a8       0x1c d:/program files (x86)/gnu tools arm embedded/4.9 2014q4/bin/../lib/gcc/arm-none-eabi/4.9.3/armv7-m/crtbegin.o
 .bss           0x200001c4        0x2 C:\Users\FAMILY\AppData\Local\Temp\cclOtYUd.ltrans0.ltrans.o
 *fill*         0x200001c6        0x2 
 .bss           0x200001c8       0x3c C:\Users\FAMILY\AppData\Local\Temp\cclOtYUd.ltrans2.ltrans.o
                0x200001c8                RadioEvents.lto_priv.213
 .bss           0x20000204      0x2f0 C:\Users\FAMILY\AppData\Local\Temp\cclOtYUd.ltrans3.ltrans.o
                0x2000032c                AesContext.lto_priv.161
                0x20000430                Uart1
                0x2000046c                LoRaMacParams
                0x200004a4                LoRaMacState
                0x200004a8                MlmeConfirm.lto_priv.125
                0x200004b4                LoRaMacFlags
                0x200004b8                LoRaMacDevEui.lto_priv.117
                0x200004bc                LoRaMacAppEui.lto_priv.116
                0x200004c0                LoRaMacAppKey.lto_priv.118
                0x200004c4                MaxJoinRequestTrials.lto_priv.146
                0x200004c5                JoinRequestTrials.lto_priv.127
                0x200004c6                MacCommandsBufferIndex.lto_priv.119
                0x200004c7                MacCommandsBufferToRepeatIndex.lto_priv.121
                0x200004c8                MacCommandsBuffer.lto_priv.120
                0x200004d7                MacCommandsInNextTx.lto_priv.122
                0x200004d8                Channel.lto_priv.123
                0x200004dc                MacStateCheckTimer.lto_priv.126
                0x200004f0                NodeAckRequested.lto_priv.115
 .bss           0x200004f4      0x134 C:\Users\FAMILY\AppData\Local\Temp\cclOtYUd.ltrans4.ltrans.o
                0x200004f4                RxWindowTimer2.lto_priv.188
                0x2000050c                RxWindowTimer1.lto_priv.186
                0x20000520                LoRaMacPrimitives.lto_priv.182
                0x20000624                LoRaMacInitializationTime.lto_priv.189
 .bss           0x20000628      0x1e8 C:\Users\FAMILY\AppData\Local\Temp\cclOtYUd.ltrans5.ltrans.o
                0x20000628                LoRaMacDeviceClass.lto_priv.140
                0x20000629                IsLoRaMacNetworkJoined.lto_priv.151
                0x2000062a                AdrCtrlOn.lto_priv.132
                0x2000062c                LoRaMacNetID.lto_priv.155
                0x20000630                LoRaMacDevAddr.lto_priv.156
                0x20000634                LoRaMacNwkSKey.lto_priv.153
                0x20000644                LoRaMacAppSKey.lto_priv.154
                0x20000654                PublicNetwork.lto_priv.195
                0x20000655                RepeaterSupport.lto_priv.138
                0x20000658                LoRaMacParamsDefaults
                0x20000690                UpLinkCounter.lto_priv.134
                0x20000694                DownLinkCounter.lto_priv.158
                0x2000079a                LoRaMacDevNonce.lto_priv.152
                0x2000079c                SrvAckRequested.lto_priv.159
                0x200007ac                AdrAckCounter.lto_priv.137
                0x200007b0                ChannelsNbRepCounter.lto_priv.145
                0x200007b1                AckTimeoutRetry.lto_priv.139
                0x200007b2                MaxDCycle.lto_priv.135
                0x200007b4                AggregatedDCycle.lto_priv.136
                0x200007b8                AggregatedTimeOff.lto_priv.165
                0x200007bc                AggregatedLastTxDoneTime.lto_priv.149
                0x200007c0                DutyCycleOn.lto_priv.164
                0x200007c4                RxWindowsParams.lto_priv.142
                0x200007dc                RxWindow1Delay.lto_priv.163
                0x200007e0                RxWindow2Delay.lto_priv.150
                0x200007e4                McpsConfirm.lto_priv.133
                0x200007f8                TxTimeOnAir
                0x200007fc                TxDelayedTimer.lto_priv.143
 .bss           0x20000810       0x30 C:\Users\FAMILY\AppData\Local\Temp\cclOtYUd.ltrans6.ltrans.o
                0x20000810                AckTimeoutTimer.lto_priv.160
                0x20000824                LoRaMacCallbacks.lto_priv.183
                0x20000828                McpsIndication.lto_priv.148
 .bss           0x20000840       0xc4 C:\Users\FAMILY\AppData\Local\Temp\cclOtYUd.ltrans7.ltrans.o
                0x20000841                DeviceState.lto_priv.196
                0x20000860                TxNextPacketTimer.lto_priv.205
                0x20000874                Led1Timer.lto_priv.204
                0x20000888                Led2Timer.lto_priv.203
                0x200008a0                AppData.lto_priv.202
                0x200008e0                AppLedStateOn.lto_priv.198
                0x200008e4                ComplianceTest
                0x200008f8                IsTxConfirmed.lto_priv.199
                0x20000900                HasLoopedThroughMain
                0x20000901                RtcTimerEventAllowsLowPower.lto_priv.211
 .bss           0x20000904       0x28 C:\Users\FAMILY\AppData\Local\Temp\cclOtYUd.ltrans8.ltrans.o
                0x20000904                Century.lto_priv.208
                0x20000907                NonScheduledWakeUp
                0x20000908                RtcCalendarContext
                0x20000920                McuWakeUpTime
                0x20000924                LowPowerDisableDuringTask.lto_priv.181
                0x20000928                TimerListHead.lto_priv.180
 .bss           0x2000092c      0x158 C:\Users\FAMILY\AppData\Local\Temp\cclOtYUd.ltrans9.ltrans.o
                0x2000092c                RxTimeoutSyncWord
                0x20000940                RxTxBuffer.lto_priv.215
                0x20000a40                RxTimeoutTimer
                0x20000a54                TxTimeoutTimer
 .bss           0x20000a84      0x248 C:\Users\FAMILY\AppData\Local\Temp\cclOtYUd.ltrans10.ltrans.o
                0x20000a84                AdcHandle
                0x20000ad8                uwTick
                0x20000adc                SX1276
                0x20000c1c                RtcHandle
                0x20000c3c                GpioIrq.lto_priv.206
                0x20000c7c                UartHandle
                0x20000cbc                RxData
                0x20000cc0                Adc
 .bss           0x20000ccc        0x1 C:\Users\FAMILY\AppData\Local\Temp\cclOtYUd.ltrans11.ltrans.o
                0x20000ccc                AdcInitialized.lto_priv.172
 *(COMMON)
                0x20000cd0                . = ALIGN (0x4)
 *fill*         0x20000ccd        0x3 
                0x20000cd0                __bss_end__ = .
                0x20000cd0                _ebss = .

.heap           0x20000cd0        0x0
                0x20000cd0                __end__ = .
                0x20000cd0                PROVIDE (_end, .)
                0x20000cd0                PROVIDE (end, .)
 *(.heap*)
                0x20000cd0                __HeapLimit = .

.stack_dummy    0x20000cd0        0x0
 *(.stack*)
                0x20004000                __StackTop = (ORIGIN (RAM) + 0x4000)
                0x20004000                __StackLimit = (__StackTop - SIZEOF (.stack_dummy))
                0x20004000                PROVIDE (__stack, __StackTop)
                0x00000001                ASSERT ((__StackLimit >= __HeapLimit), region RAM overflowed with stack)
LOAD ..\obj\stm32l1xx_hal_adc_ex.o
LOAD C:\Users\FAMILY\AppData\Local\Temp\cclOtYUd.ltrans0.ltrans.o
LOAD C:\Users\FAMILY\AppData\Local\Temp\cclOtYUd.ltrans1.ltrans.o
LOAD C:\Users\FAMILY\AppData\Local\Temp\cclOtYUd.ltrans2.ltrans.o
LOAD C:\Users\FAMILY\AppData\Local\Temp\cclOtYUd.ltrans3.ltrans.o
LOAD C:\Users\FAMILY\AppData\Local\Temp\cclOtYUd.ltrans4.ltrans.o
LOAD C:\Users\FAMILY\AppData\Local\Temp\cclOtYUd.ltrans5.ltrans.o
LOAD C:\Users\FAMILY\AppData\Local\Temp\cclOtYUd.ltrans6.ltrans.o
LOAD C:\Users\FAMILY\AppData\Local\Temp\cclOtYUd.ltrans7.ltrans.o
LOAD C:\Users\FAMILY\AppData\Local\Temp\cclOtYUd.ltrans8.ltrans.o
LOAD C:\Users\FAMILY\AppData\Local\Temp\cclOtYUd.ltrans9.ltrans.o
LOAD C:\Users\FAMILY\AppData\Local\Temp\cclOtYUd.ltrans10.ltrans.o
LOAD C:\Users\FAMILY\AppData\Local\Temp\cclOtYUd.ltrans11.ltrans.o
LOAD d:/program files (x86)/gnu tools arm embedded/4.9 2014q4/bin/../lib/gcc/arm-none-eabi/4.9.3/armv7-m\libgcc.a
LOAD d:/program files (x86)/gnu tools arm embedded/4.9 2014q4/bin/../lib/gcc/arm-none-eabi/4.9.3/../../../../arm-none-eabi/lib/armv7-m\libg_nano.a
LOAD d:/program files (x86)/gnu tools arm embedded/4.9 2014q4/bin/../lib/gcc/arm-none-eabi/4.9.3/../../../../arm-none-eabi/lib/armv7-m\libc_nano.a
LOAD d:/program files (x86)/gnu tools arm embedded/4.9 2014q4/bin/../lib/gcc/arm-none-eabi/4.9.3/armv7-m\libgcc.a
LOAD d:/program files (x86)/gnu tools arm embedded/4.9 2014q4/bin/../lib/gcc/arm-none-eabi/4.9.3/../../../../arm-none-eabi/lib/armv7-m\libc_nano.a
LOAD ..\obj\adc-board.o
LOAD ..\obj\sx1276.o
LOAD ..\obj\delay.o
LOAD ..\obj\sysIrqHandlers.o
LOAD ..\obj\i2c.o
LOAD ..\obj\stm32l1xx_hal_spi.o
LOAD ..\obj\stm32l1xx_hal_i2c.o
LOAD ..\obj\timer.o
LOAD ..\obj\stm32l1xx_hal_spi_ex.o
LOAD ..\obj\utilities.o
LOAD ..\obj\stm32l1xx_hal_rtc.o
LOAD ..\obj\uart.o
LOAD ..\obj\stm32l1xx_hal_gpio.o
LOAD ..\obj\stm32l1xx_hal_flash.o
LOAD ..\obj\system_stm32l1xx.o
LOAD ..\obj\main.o
LOAD ..\obj\i2c-board.o
LOAD ..\obj\board.o
LOAD ..\obj\stm32l1xx_hal_rtc_ex.o
LOAD ..\obj\stm32l1xx_hal_rcc_ex.o
LOAD ..\obj\gpio-board.o
LOAD ..\obj\printf.o
LOAD ..\obj\stm32l1xx_hal.o
LOAD ..\obj\gpio.o
LOAD ..\obj\stm32l1xx_hal_pwr.o
LOAD ..\obj\rtc-board.o
LOAD ..\obj\cmac.o
LOAD ..\obj\aes.o
LOAD ..\obj\LoRaMac.o
LOAD ..\obj\stm32l1xx_hal_cortex.o
LOAD ..\obj\sx1276-board.o
LOAD ..\obj\fifo.o
LOAD ..\obj\uart-board.o
LOAD ..\obj\stm32l1xx_hal_rcc.o
LOAD ..\obj\adc.o
LOAD ..\obj\stm32l1xx_hal_uart.o
LOAD ..\obj\spi-board.o
LOAD ..\obj\stm32l1xx_hal_pwr_ex.o
LOAD ..\obj\stm32l1xx_hal_adc.o
LOAD ..\obj\LoRaMacCrypto.o
LOAD ..\obj\startup_stm32l151xb.o
LOAD ..\obj\stm32l1xx_hal_dma.o
LOAD d:/program files (x86)/gnu tools arm embedded/4.9 2014q4/bin/../lib/gcc/arm-none-eabi/4.9.3/../../../../arm-none-eabi/lib/armv7-m\libc_nano.a
LOAD d:/program files (x86)/gnu tools arm embedded/4.9 2014q4/bin/../lib/gcc/arm-none-eabi/4.9.3/../../../../arm-none-eabi/lib/armv7-m\libm.a
LOAD d:/program files (x86)/gnu tools arm embedded/4.9 2014q4/bin/../lib/gcc/arm-none-eabi/4.9.3/../../../../arm-none-eabi/lib/armv7-m\librdimon_nano.a
START GROUP
LOAD d:/program files (x86)/gnu tools arm embedded/4.9 2014q4/bin/../lib/gcc/arm-none-eabi/4.9.3/armv7-m\libgcc.a
LOAD d:/program files (x86)/gnu tools arm embedded/4.9 2014q4/bin/../lib/gcc/arm-none-eabi/4.9.3/../../../../arm-none-eabi/lib/armv7-m\libg_nano.a
LOAD d:/program files (x86)/gnu tools arm embedded/4.9 2014q4/bin/../lib/gcc/arm-none-eabi/4.9.3/../../../../arm-none-eabi/lib/armv7-m\libc_nano.a
END GROUP
START GROUP
LOAD d:/program files (x86)/gnu tools arm embedded/4.9 2014q4/bin/../lib/gcc/arm-none-eabi/4.9.3/armv7-m\libgcc.a
LOAD d:/program files (x86)/gnu tools arm embedded/4.9 2014q4/bin/../lib/gcc/arm-none-eabi/4.9.3/../../../../arm-none-eabi/lib/armv7-m\libc_nano.a
END GROUP
LOAD d:/program files (x86)/gnu tools arm embedded/4.9 2014q4/bin/../lib/gcc/arm-none-eabi/4.9.3/armv7-m/crtend.o
LOAD d:/program files (x86)/gnu tools arm embedded/4.9 2014q4/bin/../lib/gcc/arm-none-eabi/4.9.3/armv7-m/crtn.o
OUTPUT(LoRaMacClassC.elf elf32-littlearm)

.ARM.attributes
                0x00000000       0x29
 .ARM.attributes
                0x00000000       0x1d d:/program files (x86)/gnu tools arm embedded/4.9 2014q4/bin/../lib/gcc/arm-none-eabi/4.9.3/armv7-m/crti.o
 .ARM.attributes
                0x0000001d       0x2d d:/program files (x86)/gnu tools arm embedded/4.9 2014q4/bin/../lib/gcc/arm-none-eabi/4.9.3/armv7-m/crtbegin.o
 .ARM.attributes
                0x0000004a       0x31 C:\Users\FAMILY\AppData\Local\Temp\cclOtYUd.ltrans0.ltrans.o
 .ARM.attributes
                0x0000007b       0x31 C:\Users\FAMILY\AppData\Local\Temp\cclOtYUd.ltrans1.ltrans.o
 .ARM.attributes
                0x000000ac       0x31 C:\Users\FAMILY\AppData\Local\Temp\cclOtYUd.ltrans2.ltrans.o
 .ARM.attributes
                0x000000dd       0x31 C:\Users\FAMILY\AppData\Local\Temp\cclOtYUd.ltrans3.ltrans.o
 .ARM.attributes
                0x0000010e       0x31 C:\Users\FAMILY\AppData\Local\Temp\cclOtYUd.ltrans4.ltrans.o
 .ARM.attributes
                0x0000013f       0x31 C:\Users\FAMILY\AppData\Local\Temp\cclOtYUd.ltrans5.ltrans.o
 .ARM.attributes
                0x00000170       0x31 C:\Users\FAMILY\AppData\Local\Temp\cclOtYUd.ltrans6.ltrans.o
 .ARM.attributes
                0x000001a1       0x31 C:\Users\FAMILY\AppData\Local\Temp\cclOtYUd.ltrans7.ltrans.o
 .ARM.attributes
                0x000001d2       0x31 C:\Users\FAMILY\AppData\Local\Temp\cclOtYUd.ltrans8.ltrans.o
 .ARM.attributes
                0x00000203       0x31 C:\Users\FAMILY\AppData\Local\Temp\cclOtYUd.ltrans9.ltrans.o
 .ARM.attributes
                0x00000234       0x31 C:\Users\FAMILY\AppData\Local\Temp\cclOtYUd.ltrans10.ltrans.o
 .ARM.attributes
                0x00000265       0x31 C:\Users\FAMILY\AppData\Local\Temp\cclOtYUd.ltrans11.ltrans.o
 .ARM.attributes
                0x00000296       0x1d d:/program files (x86)/gnu tools arm embedded/4.9 2014q4/bin/../lib/gcc/arm-none-eabi/4.9.3/armv7-m\libgcc.a(_arm_muldivdf3.o)
 .ARM.attributes
                0x000002b3       0x1d d:/program files (x86)/gnu tools arm embedded/4.9 2014q4/bin/../lib/gcc/arm-none-eabi/4.9.3/armv7-m\libgcc.a(_arm_fixdfsi.o)
 .ARM.attributes
                0x000002d0       0x1d d:/program files (x86)/gnu tools arm embedded/4.9 2014q4/bin/../lib/gcc/arm-none-eabi/4.9.3/armv7-m\libgcc.a(_arm_fixunsdfsi.o)
 .ARM.attributes
                0x000002ed       0x1d d:/program files (x86)/gnu tools arm embedded/4.9 2014q4/bin/../lib/gcc/arm-none-eabi/4.9.3/armv7-m\libgcc.a(_arm_addsubsf3.o)
 .ARM.attributes
                0x0000030a       0x1d d:/program files (x86)/gnu tools arm embedded/4.9 2014q4/bin/../lib/gcc/arm-none-eabi/4.9.3/armv7-m\libgcc.a(_arm_muldivsf3.o)
 .ARM.attributes
                0x00000327       0x1d d:/program files (x86)/gnu tools arm embedded/4.9 2014q4/bin/../lib/gcc/arm-none-eabi/4.9.3/armv7-m\libgcc.a(_arm_fixunssfsi.o)
 .ARM.attributes
                0x00000344       0x21 ..\obj\startup_stm32l151xb.o
 .ARM.attributes
                0x00000365       0x2d d:/program files (x86)/gnu tools arm embedded/4.9 2014q4/bin/../lib/gcc/arm-none-eabi/4.9.3/../../../../arm-none-eabi/lib/armv7-m\libc_nano.a(lib_a-impure.o)
 .ARM.attributes
                0x00000392       0x2d d:/program files (x86)/gnu tools arm embedded/4.9 2014q4/bin/../lib/gcc/arm-none-eabi/4.9.3/../../../../arm-none-eabi/lib/armv7-m\libc_nano.a(lib_a-init.o)
 .ARM.attributes
                0x000003bf       0x2d d:/program files (x86)/gnu tools arm embedded/4.9 2014q4/bin/../lib/gcc/arm-none-eabi/4.9.3/../../../../arm-none-eabi/lib/armv7-m\libc_nano.a(lib_a-memset.o)
 .ARM.attributes
                0x000003ec       0x2d d:/program files (x86)/gnu tools arm embedded/4.9 2014q4/bin/../lib/gcc/arm-none-eabi/4.9.3/../../../../arm-none-eabi/lib/armv7-m\libm.a(lib_a-s_ceil.o)
 .ARM.attributes
                0x00000419       0x2d d:/program files (x86)/gnu tools arm embedded/4.9 2014q4/bin/../lib/gcc/arm-none-eabi/4.9.3/../../../../arm-none-eabi/lib/armv7-m\libm.a(lib_a-s_floor.o)
 .ARM.attributes
                0x00000446       0x2d d:/program files (x86)/gnu tools arm embedded/4.9 2014q4/bin/../lib/gcc/arm-none-eabi/4.9.3/../../../../arm-none-eabi/lib/armv7-m\libm.a(lib_a-s_round.o)
 .ARM.attributes
                0x00000473       0x1d d:/program files (x86)/gnu tools arm embedded/4.9 2014q4/bin/../lib/gcc/arm-none-eabi/4.9.3/armv7-m\libgcc.a(_arm_addsubdf3.o)
 .ARM.attributes
                0x00000490       0x1d d:/program files (x86)/gnu tools arm embedded/4.9 2014q4/bin/../lib/gcc/arm-none-eabi/4.9.3/armv7-m\libgcc.a(_arm_cmpdf2.o)
 .ARM.attributes
                0x000004ad       0x2d d:/program files (x86)/gnu tools arm embedded/4.9 2014q4/bin/../lib/gcc/arm-none-eabi/4.9.3/armv7-m/crtend.o
 .ARM.attributes
                0x000004da       0x1d d:/program files (x86)/gnu tools arm embedded/4.9 2014q4/bin/../lib/gcc/arm-none-eabi/4.9.3/armv7-m/crtn.o

.comment        0x00000000       0x70
 .comment       0x00000000       0x70 C:\Users\FAMILY\AppData\Local\Temp\cclOtYUd.ltrans0.ltrans.o
                                 0x71 (size before relaxing)
 .comment       0x00000000       0x71 C:\Users\FAMILY\AppData\Local\Temp\cclOtYUd.ltrans1.ltrans.o
 .comment       0x00000000       0x71 C:\Users\FAMILY\AppData\Local\Temp\cclOtYUd.ltrans2.ltrans.o
 .comment       0x00000000       0x71 C:\Users\FAMILY\AppData\Local\Temp\cclOtYUd.ltrans3.ltrans.o
 .comment       0x00000000       0x71 C:\Users\FAMILY\AppData\Local\Temp\cclOtYUd.ltrans4.ltrans.o
 .comment       0x00000000       0x71 C:\Users\FAMILY\AppData\Local\Temp\cclOtYUd.ltrans5.ltrans.o
 .comment       0x00000000       0x71 C:\Users\FAMILY\AppData\Local\Temp\cclOtYUd.ltrans6.ltrans.o
 .comment       0x00000000       0x71 C:\Users\FAMILY\AppData\Local\Temp\cclOtYUd.ltrans7.ltrans.o
 .comment       0x00000000       0x71 C:\Users\FAMILY\AppData\Local\Temp\cclOtYUd.ltrans8.ltrans.o
 .comment       0x00000000       0x71 C:\Users\FAMILY\AppData\Local\Temp\cclOtYUd.ltrans9.ltrans.o
 .comment       0x00000000       0x71 C:\Users\FAMILY\AppData\Local\Temp\cclOtYUd.ltrans10.ltrans.o
 .comment       0x00000000       0x71 C:\Users\FAMILY\AppData\Local\Temp\cclOtYUd.ltrans11.ltrans.o

.debug_info     0x00000000    0x1916e
 .debug_info    0x00000000     0x3858 C:\Users\FAMILY\AppData\Local\Temp\cclOtYUd.ltrans0.ltrans.o
 .debug_info    0x00003858     0x2053 C:\Users\FAMILY\AppData\Local\Temp\cclOtYUd.ltrans1.ltrans.o
 .debug_info    0x000058ab     0x238d C:\Users\FAMILY\AppData\Local\Temp\cclOtYUd.ltrans2.ltrans.o
 .debug_info    0x00007c38     0x2f0a C:\Users\FAMILY\AppData\Local\Temp\cclOtYUd.ltrans3.ltrans.o
 .debug_info    0x0000ab42     0x19cb C:\Users\FAMILY\AppData\Local\Temp\cclOtYUd.ltrans4.ltrans.o
 .debug_info    0x0000c50d     0x1af9 C:\Users\FAMILY\AppData\Local\Temp\cclOtYUd.ltrans5.ltrans.o
 .debug_info    0x0000e006     0x1080 C:\Users\FAMILY\AppData\Local\Temp\cclOtYUd.ltrans6.ltrans.o
 .debug_info    0x0000f086     0x2433 C:\Users\FAMILY\AppData\Local\Temp\cclOtYUd.ltrans7.ltrans.o
 .debug_info    0x000114b9     0x2574 C:\Users\FAMILY\AppData\Local\Temp\cclOtYUd.ltrans8.ltrans.o
 .debug_info    0x00013a2d     0x16a3 C:\Users\FAMILY\AppData\Local\Temp\cclOtYUd.ltrans9.ltrans.o
 .debug_info    0x000150d0     0x24e2 C:\Users\FAMILY\AppData\Local\Temp\cclOtYUd.ltrans10.ltrans.o
 .debug_info    0x000175b2     0x1b04 C:\Users\FAMILY\AppData\Local\Temp\cclOtYUd.ltrans11.ltrans.o
 .debug_info    0x000190b6       0xb8 ..\obj\startup_stm32l151xb.o

.debug_abbrev   0x00000000     0x3b20
 .debug_abbrev  0x00000000      0x413 C:\Users\FAMILY\AppData\Local\Temp\cclOtYUd.ltrans0.ltrans.o
 .debug_abbrev  0x00000413      0x44e C:\Users\FAMILY\AppData\Local\Temp\cclOtYUd.ltrans1.ltrans.o
 .debug_abbrev  0x00000861      0x643 C:\Users\FAMILY\AppData\Local\Temp\cclOtYUd.ltrans2.ltrans.o
 .debug_abbrev  0x00000ea4      0x6a2 C:\Users\FAMILY\AppData\Local\Temp\cclOtYUd.ltrans3.ltrans.o
 .debug_abbrev  0x00001546      0x53a C:\Users\FAMILY\AppData\Local\Temp\cclOtYUd.ltrans4.ltrans.o
 .debug_abbrev  0x00001a80      0x512 C:\Users\FAMILY\AppData\Local\Temp\cclOtYUd.ltrans5.ltrans.o
 .debug_abbrev  0x00001f92      0x45d C:\Users\FAMILY\AppData\Local\Temp\cclOtYUd.ltrans6.ltrans.o
 .debug_abbrev  0x000023ef      0x4b6 C:\Users\FAMILY\AppData\Local\Temp\cclOtYUd.ltrans7.ltrans.o
 .debug_abbrev  0x000028a5      0x5c1 C:\Users\FAMILY\AppData\Local\Temp\cclOtYUd.ltrans8.ltrans.o
 .debug_abbrev  0x00002e66      0x3e8 C:\Users\FAMILY\AppData\Local\Temp\cclOtYUd.ltrans9.ltrans.o
 .debug_abbrev  0x0000324e      0x367 C:\Users\FAMILY\AppData\Local\Temp\cclOtYUd.ltrans10.ltrans.o
 .debug_abbrev  0x000035b5      0x559 C:\Users\FAMILY\AppData\Local\Temp\cclOtYUd.ltrans11.ltrans.o
 .debug_abbrev  0x00003b0e       0x12 ..\obj\startup_stm32l151xb.o

.debug_loc      0x00000000     0x886d
 .debug_loc     0x00000000      0xf66 C:\Users\FAMILY\AppData\Local\Temp\cclOtYUd.ltrans0.ltrans.o
 .debug_loc     0x00000f66      0xeef C:\Users\FAMILY\AppData\Local\Temp\cclOtYUd.ltrans1.ltrans.o
 .debug_loc     0x00001e55      0xc10 C:\Users\FAMILY\AppData\Local\Temp\cclOtYUd.ltrans2.ltrans.o
 .debug_loc     0x00002a65      0xf65 C:\Users\FAMILY\AppData\Local\Temp\cclOtYUd.ltrans3.ltrans.o
 .debug_loc     0x000039ca      0xc4b C:\Users\FAMILY\AppData\Local\Temp\cclOtYUd.ltrans4.ltrans.o
 .debug_loc     0x00004615      0xf6a C:\Users\FAMILY\AppData\Local\Temp\cclOtYUd.ltrans5.ltrans.o
 .debug_loc     0x0000557f      0xc73 C:\Users\FAMILY\AppData\Local\Temp\cclOtYUd.ltrans6.ltrans.o
 .debug_loc     0x000061f2      0x503 C:\Users\FAMILY\AppData\Local\Temp\cclOtYUd.ltrans7.ltrans.o
 .debug_loc     0x000066f5      0xb3e C:\Users\FAMILY\AppData\Local\Temp\cclOtYUd.ltrans8.ltrans.o
 .debug_loc     0x00007233      0x5c5 C:\Users\FAMILY\AppData\Local\Temp\cclOtYUd.ltrans9.ltrans.o
 .debug_loc     0x000077f8      0x589 C:\Users\FAMILY\AppData\Local\Temp\cclOtYUd.ltrans10.ltrans.o
 .debug_loc     0x00007d81      0xaec C:\Users\FAMILY\AppData\Local\Temp\cclOtYUd.ltrans11.ltrans.o

.debug_aranges  0x00000000      0x1b0
 .debug_aranges
                0x00000000       0x20 C:\Users\FAMILY\AppData\Local\Temp\cclOtYUd.ltrans0.ltrans.o
 .debug_aranges
                0x00000020       0x20 C:\Users\FAMILY\AppData\Local\Temp\cclOtYUd.ltrans1.ltrans.o
 .debug_aranges
                0x00000040       0x20 C:\Users\FAMILY\AppData\Local\Temp\cclOtYUd.ltrans2.ltrans.o
 .debug_aranges
                0x00000060       0x20 C:\Users\FAMILY\AppData\Local\Temp\cclOtYUd.ltrans3.ltrans.o
 .debug_aranges
                0x00000080       0x20 C:\Users\FAMILY\AppData\Local\Temp\cclOtYUd.ltrans4.ltrans.o
 .debug_aranges
                0x000000a0       0x20 C:\Users\FAMILY\AppData\Local\Temp\cclOtYUd.ltrans5.ltrans.o
 .debug_aranges
                0x000000c0       0x20 C:\Users\FAMILY\AppData\Local\Temp\cclOtYUd.ltrans6.ltrans.o
 .debug_aranges
                0x000000e0       0x28 C:\Users\FAMILY\AppData\Local\Temp\cclOtYUd.ltrans7.ltrans.o
 .debug_aranges
                0x00000108       0x20 C:\Users\FAMILY\AppData\Local\Temp\cclOtYUd.ltrans8.ltrans.o
 .debug_aranges
                0x00000128       0x20 C:\Users\FAMILY\AppData\Local\Temp\cclOtYUd.ltrans9.ltrans.o
 .debug_aranges
                0x00000148       0x20 C:\Users\FAMILY\AppData\Local\Temp\cclOtYUd.ltrans10.ltrans.o
 .debug_aranges
                0x00000168       0x20 C:\Users\FAMILY\AppData\Local\Temp\cclOtYUd.ltrans11.ltrans.o
 .debug_aranges
                0x00000188       0x28 ..\obj\startup_stm32l151xb.o

.debug_ranges   0x00000000     0x1400
 .debug_ranges  0x00000000      0x498 C:\Users\FAMILY\AppData\Local\Temp\cclOtYUd.ltrans0.ltrans.o
 .debug_ranges  0x00000498      0x110 C:\Users\FAMILY\AppData\Local\Temp\cclOtYUd.ltrans1.ltrans.o
 .debug_ranges  0x000005a8       0xf0 C:\Users\FAMILY\AppData\Local\Temp\cclOtYUd.ltrans2.ltrans.o
 .debug_ranges  0x00000698      0x1d0 C:\Users\FAMILY\AppData\Local\Temp\cclOtYUd.ltrans3.ltrans.o
 .debug_ranges  0x00000868      0x140 C:\Users\FAMILY\AppData\Local\Temp\cclOtYUd.ltrans4.ltrans.o
 .debug_ranges  0x000009a8      0x170 C:\Users\FAMILY\AppData\Local\Temp\cclOtYUd.ltrans5.ltrans.o
 .debug_ranges  0x00000b18      0x150 C:\Users\FAMILY\AppData\Local\Temp\cclOtYUd.ltrans6.ltrans.o
 .debug_ranges  0x00000c68      0x248 C:\Users\FAMILY\AppData\Local\Temp\cclOtYUd.ltrans7.ltrans.o
 .debug_ranges  0x00000eb0      0x270 C:\Users\FAMILY\AppData\Local\Temp\cclOtYUd.ltrans8.ltrans.o
 .debug_ranges  0x00001120      0x118 C:\Users\FAMILY\AppData\Local\Temp\cclOtYUd.ltrans9.ltrans.o
 .debug_ranges  0x00001238       0xa0 C:\Users\FAMILY\AppData\Local\Temp\cclOtYUd.ltrans10.ltrans.o
 .debug_ranges  0x000012d8      0x108 C:\Users\FAMILY\AppData\Local\Temp\cclOtYUd.ltrans11.ltrans.o
 .debug_ranges  0x000013e0       0x20 ..\obj\startup_stm32l151xb.o

.debug_line     0x00000000     0x512c
 .debug_line    0x00000000      0xa6e C:\Users\FAMILY\AppData\Local\Temp\cclOtYUd.ltrans0.ltrans.o
 .debug_line    0x00000a6e      0x644 C:\Users\FAMILY\AppData\Local\Temp\cclOtYUd.ltrans1.ltrans.o
 .debug_line    0x000010b2      0x762 C:\Users\FAMILY\AppData\Local\Temp\cclOtYUd.ltrans2.ltrans.o
 .debug_line    0x00001814      0x7e5 C:\Users\FAMILY\AppData\Local\Temp\cclOtYUd.ltrans3.ltrans.o
 .debug_line    0x00001ff9      0x666 C:\Users\FAMILY\AppData\Local\Temp\cclOtYUd.ltrans4.ltrans.o
 .debug_line    0x0000265f      0x5dc C:\Users\FAMILY\AppData\Local\Temp\cclOtYUd.ltrans5.ltrans.o
 .debug_line    0x00002c3b      0x450 C:\Users\FAMILY\AppData\Local\Temp\cclOtYUd.ltrans6.ltrans.o
 .debug_line    0x0000308b      0x779 C:\Users\FAMILY\AppData\Local\Temp\cclOtYUd.ltrans7.ltrans.o
 .debug_line    0x00003804      0x765 C:\Users\FAMILY\AppData\Local\Temp\cclOtYUd.ltrans8.ltrans.o
 .debug_line    0x00003f69      0x416 C:\Users\FAMILY\AppData\Local\Temp\cclOtYUd.ltrans9.ltrans.o
 .debug_line    0x0000437f      0x773 C:\Users\FAMILY\AppData\Local\Temp\cclOtYUd.ltrans10.ltrans.o
 .debug_line    0x00004af2      0x595 C:\Users\FAMILY\AppData\Local\Temp\cclOtYUd.ltrans11.ltrans.o
 .debug_line    0x00005087       0xa5 ..\obj\startup_stm32l151xb.o

.debug_str      0x00000000     0x637a
 .debug_str     0x00000000     0x1af7 C:\Users\FAMILY\AppData\Local\Temp\cclOtYUd.ltrans0.ltrans.o
                               0x1c25 (size before relaxing)
 .debug_str     0x00001af7      0x51e C:\Users\FAMILY\AppData\Local\Temp\cclOtYUd.ltrans1.ltrans.o
                                0x9ee (size before relaxing)
 .debug_str     0x00002015     0x1087 C:\Users\FAMILY\AppData\Local\Temp\cclOtYUd.ltrans2.ltrans.o
                               0x1ab6 (size before relaxing)
 .debug_str     0x0000309c      0x8ec C:\Users\FAMILY\AppData\Local\Temp\cclOtYUd.ltrans3.ltrans.o
                               0x1e70 (size before relaxing)
 .debug_str     0x00003988      0x721 C:\Users\FAMILY\AppData\Local\Temp\cclOtYUd.ltrans4.ltrans.o
                               0x117f (size before relaxing)
 .debug_str     0x000040a9      0x7d4 C:\Users\FAMILY\AppData\Local\Temp\cclOtYUd.ltrans5.ltrans.o
                               0x170c (size before relaxing)
 .debug_str     0x0000487d      0x1fe C:\Users\FAMILY\AppData\Local\Temp\cclOtYUd.ltrans6.ltrans.o
                                0xba5 (size before relaxing)
 .debug_str     0x00004a7b      0x61b C:\Users\FAMILY\AppData\Local\Temp\cclOtYUd.ltrans7.ltrans.o
                               0x1e63 (size before relaxing)
 .debug_str     0x00005096      0x80d C:\Users\FAMILY\AppData\Local\Temp\cclOtYUd.ltrans8.ltrans.o
                               0x161f (size before relaxing)
 .debug_str     0x000058a3      0x24b C:\Users\FAMILY\AppData\Local\Temp\cclOtYUd.ltrans9.ltrans.o
                                0x903 (size before relaxing)
 .debug_str     0x00005aee      0x5ef C:\Users\FAMILY\AppData\Local\Temp\cclOtYUd.ltrans10.ltrans.o
                               0x1986 (size before relaxing)
 .debug_str     0x000060dd      0x29d C:\Users\FAMILY\AppData\Local\Temp\cclOtYUd.ltrans11.ltrans.o
                                0xcf7 (size before relaxing)

.debug_frame    0x00000000     0x1128
 .debug_frame   0x00000000       0x40 C:\Users\FAMILY\AppData\Local\Temp\cclOtYUd.ltrans0.ltrans.o
 .debug_frame   0x00000040      0x260 C:\Users\FAMILY\AppData\Local\Temp\cclOtYUd.ltrans1.ltrans.o
 .debug_frame   0x000002a0      0x258 C:\Users\FAMILY\AppData\Local\Temp\cclOtYUd.ltrans2.ltrans.o
 .debug_frame   0x000004f8      0x1c0 C:\Users\FAMILY\AppData\Local\Temp\cclOtYUd.ltrans3.ltrans.o
 .debug_frame   0x000006b8      0x140 C:\Users\FAMILY\AppData\Local\Temp\cclOtYUd.ltrans4.ltrans.o
 .debug_frame   0x000007f8       0xf4 C:\Users\FAMILY\AppData\Local\Temp\cclOtYUd.ltrans5.ltrans.o
 .debug_frame   0x000008ec       0xd8 C:\Users\FAMILY\AppData\Local\Temp\cclOtYUd.ltrans6.ltrans.o
 .debug_frame   0x000009c4       0x50 C:\Users\FAMILY\AppData\Local\Temp\cclOtYUd.ltrans7.ltrans.o
 .debug_frame   0x00000a14      0x174 C:\Users\FAMILY\AppData\Local\Temp\cclOtYUd.ltrans8.ltrans.o
 .debug_frame   0x00000b88      0x1d8 C:\Users\FAMILY\AppData\Local\Temp\cclOtYUd.ltrans9.ltrans.o
 .debug_frame   0x00000d60      0x118 C:\Users\FAMILY\AppData\Local\Temp\cclOtYUd.ltrans10.ltrans.o
 .debug_frame   0x00000e78      0x1cc C:\Users\FAMILY\AppData\Local\Temp\cclOtYUd.ltrans11.ltrans.o
 .debug_frame   0x00001044       0x2c d:/program files (x86)/gnu tools arm embedded/4.9 2014q4/bin/../lib/gcc/arm-none-eabi/4.9.3/../../../../arm-none-eabi/lib/armv7-m\libc_nano.a(lib_a-init.o)
 .debug_frame   0x00001070       0x20 d:/program files (x86)/gnu tools arm embedded/4.9 2014q4/bin/../lib/gcc/arm-none-eabi/4.9.3/../../../../arm-none-eabi/lib/armv7-m\libc_nano.a(lib_a-memset.o)
 .debug_frame   0x00001090       0x34 d:/program files (x86)/gnu tools arm embedded/4.9 2014q4/bin/../lib/gcc/arm-none-eabi/4.9.3/../../../../arm-none-eabi/lib/armv7-m\libm.a(lib_a-s_ceil.o)
 .debug_frame   0x000010c4       0x34 d:/program files (x86)/gnu tools arm embedded/4.9 2014q4/bin/../lib/gcc/arm-none-eabi/4.9.3/../../../../arm-none-eabi/lib/armv7-m\libm.a(lib_a-s_floor.o)
 .debug_frame   0x000010f8       0x30 d:/program files (x86)/gnu tools arm embedded/4.9 2014q4/bin/../lib/gcc/arm-none-eabi/4.9.3/../../../../arm-none-eabi/lib/armv7-m\libm.a(lib_a-s_round.o)
